test_action_aliases_participate_in_profiles_and_support (test_core.CoreTests.test_action_aliases_participate_in_profiles_and_support) ... ok
test_binding_profiles_match_single_binding_products (test_core.CoreTests.test_binding_profiles_match_single_binding_products) ... ok
test_bounded_cli_output_and_roundtrip (test_core.CoreTests.test_bounded_cli_output_and_roundtrip) ... ok
test_budget_is_inconclusive (test_core.CoreTests.test_budget_is_inconclusive) ... ok
test_canonical_round_trip (test_core.CoreTests.test_canonical_round_trip) ... ok
test_checker_against_product_and_diagnostic (test_core.CoreTests.test_checker_against_product_and_diagnostic) ... ok
test_compiler_against_reference_all_small_states (test_core.CoreTests.test_compiler_against_reference_all_small_states) ... ok
test_complete_tiny_domain_audit_generators (test_core.CoreTests.test_complete_tiny_domain_audit_generators) ... ok
test_control_and_format_identifiers_are_rejected (test_core.CoreTests.test_control_and_format_identifiers_are_rejected) ... ok
test_decision_only_has_no_target_size_bound (test_core.CoreTests.test_decision_only_has_no_target_size_bound) ... ok
test_decision_only_observation_is_insufficient (test_core.CoreTests.test_decision_only_observation_is_insufficient) ... ok
test_decision_only_replay_marks_the_compared_observation (test_core.CoreTests.test_decision_only_replay_marks_the_compared_observation) ... ok
test_dependence_closed_projection_commutes_with_steps (test_core.CoreTests.test_dependence_closed_projection_commutes_with_steps) ... ok
test_derived_budgets_cover_preparation_and_graph_work (test_core.CoreTests.test_derived_budgets_cover_preparation_and_graph_work) ... ok
test_diagnose_reports_initial_mismatch_at_length_zero (test_core.CoreTests.test_diagnose_reports_initial_mismatch_at_length_zero) ... ok
test_diagnostic_replay_contract (test_core.CoreTests.test_diagnostic_replay_contract) ... ok
test_equal_decisions_do_not_imply_equal_updates (test_core.CoreTests.test_equal_decisions_do_not_imply_equal_updates) ... ok
test_explicit_restricted_binding_family (test_core.CoreTests.test_explicit_restricted_binding_family) ... ok
test_harmless_and_meaningful_choices (test_core.CoreTests.test_harmless_and_meaningful_choices) ... ok
test_initial_mismatch_has_empty_witness (test_core.CoreTests.test_initial_mismatch_has_empty_witness) ... ok
test_json_duplicate_keys (test_core.CoreTests.test_json_duplicate_keys) ... ok
test_large_valid_identifiers_preserve_round_trip (test_core.CoreTests.test_large_valid_identifiers_preserve_round_trip) ... ok
test_name_and_effect_rejections (test_core.CoreTests.test_name_and_effect_rejections) ... ok
test_negative_work_budgets_are_inconclusive (test_core.CoreTests.test_negative_work_budgets_are_inconclusive) ... ok
test_observable_quotient_collapses_only_coherent_fibers (test_core.CoreTests.test_observable_quotient_collapses_only_coherent_fibers) ... ok
test_priority_is_not_deny_overrides (test_core.CoreTests.test_priority_is_not_deny_overrides) ... ok
test_public_adapter_against_model_oracle (test_core.CoreTests.test_public_adapter_against_model_oracle) ... ok
test_reference_inventory_integrity (test_core.CoreTests.test_reference_inventory_integrity) ... ok
test_reification (test_core.CoreTests.test_reification) ... ok
test_reification_with_redundant_hidden_states (test_core.CoreTests.test_reification_with_redundant_hidden_states) ... ok
test_sequence_envelope (test_core.CoreTests.test_sequence_envelope) ... ok
test_shortest_witness_bound_and_tightness (test_core.CoreTests.test_shortest_witness_bound_and_tightness) ... ok
test_simultaneous_swap (test_core.CoreTests.test_simultaneous_swap) ... ok
test_structural_negatives_fail_closed (test_core.CoreTests.test_structural_negatives_fail_closed) ... ok
test_support_sufficiency (test_core.CoreTests.test_support_sufficiency) ... ok
test_switching_closure_and_decision_only_separation (test_core.CoreTests.test_switching_closure_and_decision_only_separation) ... ok
test_symbolic_cells_against_truth_tables (test_core.CoreTests.test_symbolic_cells_against_truth_tables) ... ok
test_symbolic_width_family (test_core.CoreTests.test_symbolic_width_family) ... ok
test_unbounded_binding_iterable_is_stopped_by_family_limit (test_core.CoreTests.test_unbounded_binding_iterable_is_stopped_by_family_limit) ... ok
test_unicode_scalar_identifiers (test_core.CoreTests.test_unicode_scalar_identifiers) ... ok
test_uniformity_is_not_union_refinement (test_core.CoreTests.test_uniformity_is_not_union_refinement) ... ok
test_unreachable_inconsistency_is_not_global_mismatch (test_core.CoreTests.test_unreachable_inconsistency_is_not_global_mismatch) ... ok
test_unsupported_public_matcher_is_rejected (test_core.CoreTests.test_unsupported_public_matcher_is_rejected) ... ok
test_whitespace_and_trailing_input (test_core.CoreTests.test_whitespace_and_trailing_input) ... ok
test_wide_binding_family_fails_before_materialization (test_core.CoreTests.test_wide_binding_family_fails_before_materialization) ... ok
test_campaign_acceptance_requires_materialized_records_not_return_code_only (test_release_cli.ReleaseCliContractTests.test_campaign_acceptance_requires_materialized_records_not_return_code_only) ... ok
test_campaign_command_passes_fresh_output_and_frozen_baseline (test_release_cli.ReleaseCliContractTests.test_campaign_command_passes_fresh_output_and_frozen_baseline) ... ok
test_command_failure_retains_raw_output (test_release_cli.ReleaseCliContractTests.test_command_failure_retains_raw_output) ... ok
test_command_success_retains_raw_output (test_release_cli.ReleaseCliContractTests.test_command_success_retains_raw_output) ... ok
test_command_timeout_preserves_partial_logs (test_release_cli.ReleaseCliContractTests.test_command_timeout_preserves_partial_logs) ... ok
test_empty_word_example_is_replayed_from_initial_observations (test_release_cli.ReleaseCliContractTests.test_empty_word_example_is_replayed_from_initial_observations) ... ok
test_failed_matrix_returns_failure_without_secondary_exception (test_release_cli.ReleaseCliContractTests.test_failed_matrix_returns_failure_without_secondary_exception) ... ok
test_fresh_reproduction_is_not_archive_extraction (test_release_cli.ReleaseCliContractTests.test_fresh_reproduction_is_not_archive_extraction) ... ok
test_invalid_certificate_is_not_semantic_non_equivalence (test_release_cli.ReleaseCliContractTests.test_invalid_certificate_is_not_semantic_non_equivalence) ... ok
test_owned_generated_semantics_and_frozen_public_projection (test_release_cli.ReleaseCliContractTests.test_owned_generated_semantics_and_frozen_public_projection) ... ok
test_verifier_timeout_is_reported_as_failure (test_release_cli.ReleaseCliContractTests.test_verifier_timeout_is_reported_as_failure) ... ok

----------------------------------------------------------------------
Ran 56 tests in 7.896s

OK
